C:\Users\pavit\Downloads\onlinevegetablesale\onlinevegetablesale\src\main\java\com\proj\ovs\onlinevegetablesale\ctrl\CustomerController.java
C:\Users\pavit\Downloads\onlinevegetablesale\onlinevegetablesale\src\main\java\com\proj\ovs\onlinevegetablesale\SwaggerConfig.java
C:\Users\pavit\Downloads\onlinevegetablesale\onlinevegetablesale\src\main\java\com\proj\ovs\onlinevegetablesale\service\AdminService.java
C:\Users\pavit\Downloads\onlinevegetablesale\onlinevegetablesale\src\main\java\com\proj\ovs\onlinevegetablesale\repos\CustomerRepo.java
C:\Users\pavit\Downloads\onlinevegetablesale\onlinevegetablesale\src\main\java\com\proj\ovs\onlinevegetablesale\entity\FeedBack.java
C:\Users\pavit\Downloads\onlinevegetablesale\onlinevegetablesale\src\main\java\com\proj\ovs\onlinevegetablesale\entity\User.java
C:\Users\pavit\Downloads\onlinevegetablesale\onlinevegetablesale\src\main\java\com\proj\ovs\onlinevegetablesale\entity\Order.java
C:\Users\pavit\Downloads\onlinevegetablesale\onlinevegetablesale\src\main\java\com\proj\ovs\onlinevegetablesale\repos\AddressRepo.java
C:\Users\pavit\Downloads\onlinevegetablesale\onlinevegetablesale\src\main\java\com\proj\ovs\onlinevegetablesale\entity\BillingDetail.java
C:\Users\pavit\Downloads\onlinevegetablesale\onlinevegetablesale\src\main\java\com\proj\ovs\onlinevegetablesale\entity\TransactionStatus.java
C:\Users\pavit\Downloads\onlinevegetablesale\onlinevegetablesale\src\main\java\com\proj\ovs\onlinevegetablesale\repos\FeedBackRepo.java
C:\Users\pavit\Downloads\onlinevegetablesale\onlinevegetablesale\src\main\java\com\proj\ovs\onlinevegetablesale\ctrl\OrderController.java
C:\Users\pavit\Downloads\onlinevegetablesale\onlinevegetablesale\src\main\java\com\proj\ovs\onlinevegetablesale\service\AddressService.java
C:\Users\pavit\Downloads\onlinevegetablesale\onlinevegetablesale\src\main\java\com\proj\ovs\onlinevegetablesale\exception\VegetableListEmptyException.java
C:\Users\pavit\Downloads\onlinevegetablesale\onlinevegetablesale\src\main\java\com\proj\ovs\onlinevegetablesale\entity\Vegetable.java
C:\Users\pavit\Downloads\onlinevegetablesale\onlinevegetablesale\src\main\java\com\proj\ovs\onlinevegetablesale\ctrl\AddressController.java
C:\Users\pavit\Downloads\onlinevegetablesale\onlinevegetablesale\src\main\java\com\proj\ovs\onlinevegetablesale\entity\Address.java
C:\Users\pavit\Downloads\onlinevegetablesale\onlinevegetablesale\src\main\java\com\proj\ovs\onlinevegetablesale\entity\Cart.java
C:\Users\pavit\Downloads\onlinevegetablesale\onlinevegetablesale\src\main\java\com\proj\ovs\onlinevegetablesale\entity\TransactionMode.java
C:\Users\pavit\Downloads\onlinevegetablesale\onlinevegetablesale\src\main\java\com\proj\ovs\onlinevegetablesale\exception\GlobalExceptionHandler.java
C:\Users\pavit\Downloads\onlinevegetablesale\onlinevegetablesale\src\main\java\com\proj\ovs\onlinevegetablesale\repos\VegetableRepo.java
C:\Users\pavit\Downloads\onlinevegetablesale\onlinevegetablesale\src\main\java\com\proj\ovs\onlinevegetablesale\service\CartService.java
C:\Users\pavit\Downloads\onlinevegetablesale\onlinevegetablesale\src\main\java\com\proj\ovs\onlinevegetablesale\ctrl\BillingDetailController.java
C:\Users\pavit\Downloads\onlinevegetablesale\onlinevegetablesale\src\main\java\com\proj\ovs\onlinevegetablesale\repos\BillingDetailRepo.java
C:\Users\pavit\Downloads\onlinevegetablesale\onlinevegetablesale\src\main\java\com\proj\ovs\onlinevegetablesale\service\OrderService.java
C:\Users\pavit\Downloads\onlinevegetablesale\onlinevegetablesale\src\main\java\com\proj\ovs\onlinevegetablesale\exception\CustomerNotFoundException.java
C:\Users\pavit\Downloads\onlinevegetablesale\onlinevegetablesale\src\main\java\com\proj\ovs\onlinevegetablesale\entity\Customer.java
C:\Users\pavit\Downloads\onlinevegetablesale\onlinevegetablesale\src\main\java\com\proj\ovs\onlinevegetablesale\exception\VegetableIdNotFoundException.java
C:\Users\pavit\Downloads\onlinevegetablesale\onlinevegetablesale\src\main\java\com\proj\ovs\onlinevegetablesale\repos\AdminRepo.java
C:\Users\pavit\Downloads\onlinevegetablesale\onlinevegetablesale\src\main\java\com\proj\ovs\onlinevegetablesale\repos\OrderRepo.java
C:\Users\pavit\Downloads\onlinevegetablesale\onlinevegetablesale\src\main\java\com\proj\ovs\onlinevegetablesale\ctrl\VegetableController.java
C:\Users\pavit\Downloads\onlinevegetablesale\onlinevegetablesale\src\main\java\com\proj\ovs\onlinevegetablesale\ctrl\CartController.java
C:\Users\pavit\Downloads\onlinevegetablesale\onlinevegetablesale\src\main\java\com\proj\ovs\onlinevegetablesale\ctrl\UserController.java
C:\Users\pavit\Downloads\onlinevegetablesale\onlinevegetablesale\src\main\java\com\proj\ovs\onlinevegetablesale\repos\CartRepo.java
C:\Users\pavit\Downloads\onlinevegetablesale\onlinevegetablesale\src\main\java\com\proj\ovs\onlinevegetablesale\ctrl\AdminController.java
C:\Users\pavit\Downloads\onlinevegetablesale\onlinevegetablesale\src\main\java\com\proj\ovs\onlinevegetablesale\service\FeedBackService.java
C:\Users\pavit\Downloads\onlinevegetablesale\onlinevegetablesale\src\main\java\com\proj\ovs\onlinevegetablesale\entity\Admin.java
C:\Users\pavit\Downloads\onlinevegetablesale\onlinevegetablesale\src\main\java\com\proj\ovs\onlinevegetablesale\exception\AddressNotFoundException.java
C:\Users\pavit\Downloads\onlinevegetablesale\onlinevegetablesale\src\main\java\com\proj\ovs\onlinevegetablesale\OnlinevegetablesaleApplication.java
C:\Users\pavit\Downloads\onlinevegetablesale\onlinevegetablesale\src\main\java\com\proj\ovs\onlinevegetablesale\service\UserService.java
C:\Users\pavit\Downloads\onlinevegetablesale\onlinevegetablesale\src\main\java\com\proj\ovs\onlinevegetablesale\service\VegetableService.java
C:\Users\pavit\Downloads\onlinevegetablesale\onlinevegetablesale\src\main\java\com\proj\ovs\onlinevegetablesale\ctrl\FeedBackController.java
C:\Users\pavit\Downloads\onlinevegetablesale\onlinevegetablesale\src\main\java\com\proj\ovs\onlinevegetablesale\repos\UserRepo.java
C:\Users\pavit\Downloads\onlinevegetablesale\onlinevegetablesale\src\main\java\com\proj\ovs\onlinevegetablesale\service\BillingDetailService.java
C:\Users\pavit\Downloads\onlinevegetablesale\onlinevegetablesale\src\main\java\com\proj\ovs\onlinevegetablesale\service\CustomerService.java
